
> obsidian-chordgrid@2.2.0 test
> jest forced_strokes.spec.ts

node.exe : ts-jest[config] (WARN) [94mmessage[0m[90m TS151001: [0mIf you have issues related to 
imports, you should consider setting `esModuleInterop` to `true` in your TypeScript configuration 
file (usually `tsconfig.json`). See https://blogs.msdn.microsoft.com/typescript/2018/01/31/announcin
g-typescript-2-7/#easier-ecmascript-module-interoperability for more information.
Au caractère Ligne:1 : 1
+ & "C:\Program Files\nodejs/node.exe" "C:\Users\mathieu\AppData\Roamin ...
+ ~~~~~~~~~~~~~~~~~~~~~~~~~~~~~~~~~~~~~~~~~~~~~~~~~~~~~~~~~~~~~~~~~~~~~
    + CategoryInfo          : NotSpecified: (ts-jest[config]...re information.:String) [], RemoteEx 
   ception
    + FullyQualifiedErrorId : NativeCommandError
 
  console.log
    [ChordGrid] 🎼 MusicAnalyzer: Starting analysis { segments: 1 }

      at DebugLogger.log (src/utils/DebugLogger.ts:71:13)
          at Array.map (<anonymous>)

  console.log
    [ChordGrid] 📋 Flattened notes { totalNotes: 8, beamableCount: 8 }

      at DebugLogger.log (src/utils/DebugLogger.ts:71:13)
          at Array.map (<anonymous>)

  console.log
    [ChordGrid] 🎵 Analyzing beams {
      totalBeamable: 8,
      notes: [
        { index: 0, segmentIndex: 0, value: 8, absoluteIndex: 0 },
        { index: 1, segmentIndex: 0, value: 8, absoluteIndex: 1 },
        { index: 2, segmentIndex: 0, value: 8, absoluteIndex: 2 },
        { index: 3, segmentIndex: 0, value: 8, absoluteIndex: 3 },
        { index: 4, segmentIndex: 0, value: 8, absoluteIndex: 4 },
        { index: 5, segmentIndex: 0, value: 8, absoluteIndex: 5 },
        { index: 6, segmentIndex: 0, value: 8, absoluteIndex: 6 },
        { index: 7, segmentIndex: 0, value: 8, absoluteIndex: 7 }
      ]
    }

      at DebugLogger.log (src/utils/DebugLogger.ts:71:13)
          at Array.map (<anonymous>)

  console.log
    [ChordGrid] 🎵 Beam segments after hard breaks {
      segmentCount: 1,
      segments: [
        [
          0, 1, 2, 3,
          4, 5, 6, 7
        ]
      ]
    }

      at DebugLogger.log (src/utils/DebugLogger.ts:71:13)
          at Array.map (<anonymous>)

  console.log
    [ChordGrid] 🎯 Creating beam groups { noteCount: 8, maxLevel: 1 }

      at DebugLogger.log (src/utils/DebugLogger.ts:71:13)
          at Array.map (<anonymous>)

  console.log
    [ChordGrid]   ═ Created primary beam level 1 { notesConnected: 8 }

      at DebugLogger.log (src/utils/DebugLogger.ts:71:13)
          at Array.map (<anonymous>)

  console.log
    [ChordGrid] ✅ Analysis complete { beamGroupsCreated: 1 }

      at DebugLogger.log (src/utils/DebugLogger.ts:71:13)
          at Array.map (<anonymous>)

  console.log
    [ChordGrid] 🎼 MusicAnalyzer: Starting analysis { segments: 1 }

      at DebugLogger.log (src/utils/DebugLogger.ts:71:13)
          at Array.map (<anonymous>)

  console.log
    [ChordGrid] 📋 Flattened notes { totalNotes: 8, beamableCount: 8 }

      at DebugLogger.log (src/utils/DebugLogger.ts:71:13)
          at Array.map (<anonymous>)

  console.log
    [ChordGrid] 🎵 Analyzing beams {
      totalBeamable: 8,
      notes: [
        { index: 0, segmentIndex: 0, value: 8, absoluteIndex: 0 },
        { index: 1, segmentIndex: 0, value: 8, absoluteIndex: 1 },
        { index: 2, segmentIndex: 0, value: 8, absoluteIndex: 2 },
        { index: 3, segmentIndex: 0, value: 8, absoluteIndex: 3 },
        { index: 4, segmentIndex: 0, value: 8, absoluteIndex: 4 },
        { index: 5, segmentIndex: 0, value: 8, absoluteIndex: 5 },
        { index: 6, segmentIndex: 0, value: 8, absoluteIndex: 6 },
        { index: 7, segmentIndex: 0, value: 8, absoluteIndex: 7 }
      ]
    }

      at DebugLogger.log (src/utils/DebugLogger.ts:71:13)
          at Array.map (<anonymous>)

  console.log
    [ChordGrid] 🔍 Beat boundary within segment (space) { fromBeat: 0, toBeat: 1, segment: 0 }

      at DebugLogger.log (src/utils/DebugLogger.ts:71:13)
          at Array.map (<anonymous>)

  console.log
    [ChordGrid] 🔍 Beat boundary within segment (space) { fromBeat: 1, toBeat: 2, segment: 0 }

      at DebugLogger.log (src/utils/DebugLogger.ts:71:13)
          at Array.map (<anonymous>)

  console.log
    [ChordGrid] 🔍 Beat boundary within segment (space) { fromBeat: 2, toBeat: 3, segment: 0 }

      at DebugLogger.log (src/utils/DebugLogger.ts:71:13)
          at Array.map (<anonymous>)

  console.log
    [ChordGrid] 🔍 Beat boundary within segment (space) { fromBeat: 3, toBeat: 4, segment: 0 }

      at DebugLogger.log (src/utils/DebugLogger.ts:71:13)
          at Array.map (<anonymous>)

  console.log
    [ChordGrid] 🔍 Beat boundary within segment (space) { fromBeat: 4, toBeat: 5, segment: 0 }

      at DebugLogger.log (src/utils/DebugLogger.ts:71:13)
          at Array.map (<anonymous>)

  console.log
    [ChordGrid] 🔍 Beat boundary within segment (space) { fromBeat: 5, toBeat: 6, segment: 0 }

      at DebugLogger.log (src/utils/DebugLogger.ts:71:13)
          at Array.map (<anonymous>)

  console.log
    [ChordGrid] 🔍 Beat boundary within segment (space) { fromBeat: 6, toBeat: 7, segment: 0 }

      at DebugLogger.log (src/utils/DebugLogger.ts:71:13)
          at Array.map (<anonymous>)

  console.log
    [ChordGrid] 🎵 Beam segments after hard breaks {
      segmentCount: 8,
      segments: [
        [ 0 ], [ 1 ],
        [ 2 ], [ 3 ],
        [ 4 ], [ 5 ],
        [ 6 ], [ 7 ]
      ]
    }

      at DebugLogger.log (src/utils/DebugLogger.ts:71:13)
          at Array.map (<anonymous>)

  console.log
    [ChordGrid] 🎯 Creating beam groups { noteCount: 1, maxLevel: 1 }

      at DebugLogger.log (src/utils/DebugLogger.ts:71:13)
          at Array.map (<anonymous>)

  console.log
    [ChordGrid]   ═ Created primary beam level 1 { notesConnected: 1 }

      at DebugLogger.log (src/utils/DebugLogger.ts:71:13)
          at Array.map (<anonymous>)

  console.log
    [ChordGrid] 🎯 Creating beam groups { noteCount: 1, maxLevel: 1 }

      at DebugLogger.log (src/utils/DebugLogger.ts:71:13)
          at Array.map (<anonymous>)

  console.log
    [ChordGrid]   ═ Created primary beam level 1 { notesConnected: 1 }

      at DebugLogger.log (src/utils/DebugLogger.ts:71:13)
          at Array.map (<anonymous>)

  console.log
    [ChordGrid] 🎯 Creating beam groups { noteCount: 1, maxLevel: 1 }

      at DebugLogger.log (src/utils/DebugLogger.ts:71:13)
          at Array.map (<anonymous>)

  console.log
    [ChordGrid]   ═ Created primary beam level 1 { notesConnected: 1 }

      at DebugLogger.log (src/utils/DebugLogger.ts:71:13)
          at Array.map (<anonymous>)

  console.log
    [ChordGrid] 🎯 Creating beam groups { noteCount: 1, maxLevel: 1 }

      at DebugLogger.log (src/utils/DebugLogger.ts:71:13)
          at Array.map (<anonymous>)

  console.log
    [ChordGrid]   ═ Created primary beam level 1 { notesConnected: 1 }

      at DebugLogger.log (src/utils/DebugLogger.ts:71:13)
          at Array.map (<anonymous>)

  console.log
    [ChordGrid] 🎯 Creating beam groups { noteCount: 1, maxLevel: 1 }

      at DebugLogger.log (src/utils/DebugLogger.ts:71:13)
          at Array.map (<anonymous>)

  console.log
    [ChordGrid]   ═ Created primary beam level 1 { notesConnected: 1 }

      at DebugLogger.log (src/utils/DebugLogger.ts:71:13)
          at Array.map (<anonymous>)

  console.log
    [ChordGrid] 🎯 Creating beam groups { noteCount: 1, maxLevel: 1 }

      at DebugLogger.log (src/utils/DebugLogger.ts:71:13)
          at Array.map (<anonymous>)

  console.log
    [ChordGrid]   ═ Created primary beam level 1 { notesConnected: 1 }

      at DebugLogger.log (src/utils/DebugLogger.ts:71:13)
          at Array.map (<anonymous>)

  console.log
    [ChordGrid] 🎯 Creating beam groups { noteCount: 1, maxLevel: 1 }

      at DebugLogger.log (src/utils/DebugLogger.ts:71:13)
          at Array.map (<anonymous>)

  console.log
    [ChordGrid]   ═ Created primary beam level 1 { notesConnected: 1 }

      at DebugLogger.log (src/utils/DebugLogger.ts:71:13)
          at Array.map (<anonymous>)

  console.log
    [ChordGrid] 🎯 Creating beam groups { noteCount: 1, maxLevel: 1 }

      at DebugLogger.log (src/utils/DebugLogger.ts:71:13)
          at Array.map (<anonymous>)

  console.log
    [ChordGrid]   ═ Created primary beam level 1 { notesConnected: 1 }

      at DebugLogger.log (src/utils/DebugLogger.ts:71:13)
          at Array.map (<anonymous>)

  console.log
    [ChordGrid] ✅ Analysis complete { beamGroupsCreated: 8 }

      at DebugLogger.log (src/utils/DebugLogger.ts:71:13)
          at Array.map (<anonymous>)

  console.log
    [ChordGrid] 🎼 MusicAnalyzer: Starting analysis { segments: 1 }

      at DebugLogger.log (src/utils/DebugLogger.ts:71:13)
          at Array.map (<anonymous>)

  console.log
    [ChordGrid] 📋 Flattened notes { totalNotes: 8, beamableCount: 8 }

      at DebugLogger.log (src/utils/DebugLogger.ts:71:13)
          at Array.map (<anonymous>)

  console.log
    [ChordGrid] 🎵 Analyzing beams {
      totalBeamable: 8,
      notes: [
        { index: 0, segmentIndex: 0, value: 8, absoluteIndex: 0 },
        { index: 1, segmentIndex: 0, value: 8, absoluteIndex: 1 },
        { index: 2, segmentIndex: 0, value: 8, absoluteIndex: 2 },
        { index: 3, segmentIndex: 0, value: 8, absoluteIndex: 3 },
        { index: 4, segmentIndex: 0, value: 8, absoluteIndex: 4 },
        { index: 5, segmentIndex: 0, value: 8, absoluteIndex: 5 },
        { index: 6, segmentIndex: 0, value: 8, absoluteIndex: 6 },
        { index: 7, segmentIndex: 0, value: 8, absoluteIndex: 7 }
      ]
    }

      at DebugLogger.log (src/utils/DebugLogger.ts:71:13)
          at Array.map (<anonymous>)

  console.log
    [ChordGrid] 🔍 Beat boundary within segment (space) { fromBeat: 0, toBeat: 1, segment: 0 }

      at DebugLogger.log (src/utils/DebugLogger.ts:71:13)
          at Array.map (<anonymous>)

  console.log
    [ChordGrid] 🔍 Beat boundary within segment (space) { fromBeat: 1, toBeat: 2, segment: 0 }

      at DebugLogger.log (src/utils/DebugLogger.ts:71:13)
          at Array.map (<anonymous>)

  console.log
    [ChordGrid] 🔍 Beat boundary within segment (space) { fromBeat: 2, toBeat: 3, segment: 0 }

      at DebugLogger.log (src/utils/DebugLogger.ts:71:13)
          at Array.map (<anonymous>)

  console.log
    [ChordGrid] 🎵 Beam segments after hard breaks {
      segmentCount: 4,
      segments: [ [ 0, 1 ], [ 2, 3 ], [ 4, 5 ], [ 6, 7 ] ]
    }

      at DebugLogger.log (src/utils/DebugLogger.ts:71:13)
          at Array.map (<anonymous>)

  console.log
    [ChordGrid] 🎯 Creating beam groups { noteCount: 2, maxLevel: 1 }

      at DebugLogger.log (src/utils/DebugLogger.ts:71:13)
          at Array.map (<anonymous>)

  console.log
    [ChordGrid]   ═ Created primary beam level 1 { notesConnected: 2 }

      at DebugLogger.log (src/utils/DebugLogger.ts:71:13)
          at Array.map (<anonymous>)

  console.log
    [ChordGrid] 🎯 Creating beam groups { noteCount: 2, maxLevel: 1 }

      at DebugLogger.log (src/utils/DebugLogger.ts:71:13)
          at Array.map (<anonymous>)

  console.log
    [ChordGrid]   ═ Created primary beam level 1 { notesConnected: 2 }

      at DebugLogger.log (src/utils/DebugLogger.ts:71:13)
          at Array.map (<anonymous>)

  console.log
    [ChordGrid] 🎯 Creating beam groups { noteCount: 2, maxLevel: 1 }

      at DebugLogger.log (src/utils/DebugLogger.ts:71:13)
          at Array.map (<anonymous>)

  console.log
    [ChordGrid]   ═ Created primary beam level 1 { notesConnected: 2 }

      at DebugLogger.log (src/utils/DebugLogger.ts:71:13)
          at Array.map (<anonymous>)

  console.log
    [ChordGrid] 🎯 Creating beam groups { noteCount: 2, maxLevel: 1 }

      at DebugLogger.log (src/utils/DebugLogger.ts:71:13)
          at Array.map (<anonymous>)

  console.log
    [ChordGrid]   ═ Created primary beam level 1 { notesConnected: 2 }

      at DebugLogger.log (src/utils/DebugLogger.ts:71:13)
          at Array.map (<anonymous>)

  console.log
    [ChordGrid] ✅ Analysis complete { beamGroupsCreated: 4 }

      at DebugLogger.log (src/utils/DebugLogger.ts:71:13)
          at Array.map (<anonymous>)

  console.log
    [ChordGrid] 🎼 MusicAnalyzer: Starting analysis { segments: 1 }

      at DebugLogger.log (src/utils/DebugLogger.ts:71:13)
          at Array.map (<anonymous>)

  console.log
    [ChordGrid] 📋 Flattened notes { totalNotes: 4, beamableCount: 0 }

      at DebugLogger.log (src/utils/DebugLogger.ts:71:13)
          at Array.map (<anonymous>)

  console.log
    [ChordGrid] ✅ Analysis complete { beamGroupsCreated: 0 }

      at DebugLogger.log (src/utils/DebugLogger.ts:71:13)
          at Array.map (<anonymous>)

  console.log
    [ChordGrid] 🎼 MusicAnalyzer: Starting analysis { segments: 1 }

      at DebugLogger.log (src/utils/DebugLogger.ts:71:13)
          at Array.map (<anonymous>)

  console.log
    [ChordGrid] 📋 Flattened notes { totalNotes: 8, beamableCount: 8 }

      at DebugLogger.log (src/utils/DebugLogger.ts:71:13)
          at Array.map (<anonymous>)

  console.log
    [ChordGrid] 🎵 Analyzing beams {
      totalBeamable: 8,
      notes: [
        { index: 0, segmentIndex: 0, value: 8, absoluteIndex: 0 },
        { index: 1, segmentIndex: 0, value: 8, absoluteIndex: 1 },
        { index: 2, segmentIndex: 0, value: 8, absoluteIndex: 2 },
        { index: 3, segmentIndex: 0, value: 8, absoluteIndex: 3 },
        { index: 4, segmentIndex: 0, value: 8, absoluteIndex: 4 },
        { index: 5, segmentIndex: 0, value: 8, absoluteIndex: 5 },
        { index: 6, segmentIndex: 0, value: 8, absoluteIndex: 6 },
        { index: 7, segmentIndex: 0, value: 8, absoluteIndex: 7 }
      ]
    }

      at DebugLogger.log (src/utils/DebugLogger.ts:71:13)
          at Array.map (<anonymous>)

  console.log
    [ChordGrid] 🔍 Beat boundary within segment (space) { fromBeat: 0, toBeat: 1, segment: 0 }

      at DebugLogger.log (src/utils/DebugLogger.ts:71:13)
          at Array.map (<anonymous>)

  console.log
    [ChordGrid] 🔍 Beat boundary within segment (space) { fromBeat: 1, toBeat: 2, segment: 0 }

      at DebugLogger.log (src/utils/DebugLogger.ts:71:13)
          at Array.map (<anonymous>)

  console.log
    [ChordGrid] 🔍 Beat boundary within segment (space) { fromBeat: 2, toBeat: 3, segment: 0 }

      at DebugLogger.log (src/utils/DebugLogger.ts:71:13)
          at Array.map (<anonymous>)

  console.log
    [ChordGrid] 🔍 Beat boundary within segment (space) { fromBeat: 3, toBeat: 4, segment: 0 }

      at DebugLogger.log (src/utils/DebugLogger.ts:71:13)
          at Array.map (<anonymous>)

  console.log
    [ChordGrid] 🔍 Beat boundary within segment (space) { fromBeat: 4, toBeat: 5, segment: 0 }

      at DebugLogger.log (src/utils/DebugLogger.ts:71:13)
          at Array.map (<anonymous>)

  console.log
    [ChordGrid] 🔍 Beat boundary within segment (space) { fromBeat: 5, toBeat: 6, segment: 0 }

      at DebugLogger.log (src/utils/DebugLogger.ts:71:13)
          at Array.map (<anonymous>)

  console.log
    [ChordGrid] 🔍 Beat boundary within segment (space) { fromBeat: 6, toBeat: 7, segment: 0 }

      at DebugLogger.log (src/utils/DebugLogger.ts:71:13)
          at Array.map (<anonymous>)

  console.log
    [ChordGrid] 🎵 Beam segments after hard breaks {
      segmentCount: 8,
      segments: [
        [ 0 ], [ 1 ],
        [ 2 ], [ 3 ],
        [ 4 ], [ 5 ],
        [ 6 ], [ 7 ]
      ]
    }

      at DebugLogger.log (src/utils/DebugLogger.ts:71:13)
          at Array.map (<anonymous>)

  console.log
    [ChordGrid] 🎯 Creating beam groups { noteCount: 1, maxLevel: 1 }

      at DebugLogger.log (src/utils/DebugLogger.ts:71:13)
          at Array.map (<anonymous>)

  console.log
    [ChordGrid]   ═ Created primary beam level 1 { notesConnected: 1 }

      at DebugLogger.log (src/utils/DebugLogger.ts:71:13)
          at Array.map (<anonymous>)

  console.log
    [ChordGrid] 🎯 Creating beam groups { noteCount: 1, maxLevel: 1 }

      at DebugLogger.log (src/utils/DebugLogger.ts:71:13)
          at Array.map (<anonymous>)

  console.log
    [ChordGrid]   ═ Created primary beam level 1 { notesConnected: 1 }

      at DebugLogger.log (src/utils/DebugLogger.ts:71:13)
          at Array.map (<anonymous>)

  console.log
    [ChordGrid] 🎯 Creating beam groups { noteCount: 1, maxLevel: 1 }

      at DebugLogger.log (src/utils/DebugLogger.ts:71:13)
          at Array.map (<anonymous>)

  console.log
    [ChordGrid]   ═ Created primary beam level 1 { notesConnected: 1 }

      at DebugLogger.log (src/utils/DebugLogger.ts:71:13)
          at Array.map (<anonymous>)

  console.log
    [ChordGrid] 🎯 Creating beam groups { noteCount: 1, maxLevel: 1 }

      at DebugLogger.log (src/utils/DebugLogger.ts:71:13)
          at Array.map (<anonymous>)

  console.log
    [ChordGrid]   ═ Created primary beam level 1 { notesConnected: 1 }

      at DebugLogger.log (src/utils/DebugLogger.ts:71:13)
          at Array.map (<anonymous>)

  console.log
    [ChordGrid] 🎯 Creating beam groups { noteCount: 1, maxLevel: 1 }

      at DebugLogger.log (src/utils/DebugLogger.ts:71:13)
          at Array.map (<anonymous>)

  console.log
    [ChordGrid]   ═ Created primary beam level 1 { notesConnected: 1 }

      at DebugLogger.log (src/utils/DebugLogger.ts:71:13)
          at Array.map (<anonymous>)

  console.log
    [ChordGrid] 🎯 Creating beam groups { noteCount: 1, maxLevel: 1 }

      at DebugLogger.log (src/utils/DebugLogger.ts:71:13)
          at Array.map (<anonymous>)

  console.log
    [ChordGrid]   ═ Created primary beam level 1 { notesConnected: 1 }

      at DebugLogger.log (src/utils/DebugLogger.ts:71:13)
          at Array.map (<anonymous>)

  console.log
    [ChordGrid] 🎯 Creating beam groups { noteCount: 1, maxLevel: 1 }

      at DebugLogger.log (src/utils/DebugLogger.ts:71:13)
          at Array.map (<anonymous>)

  console.log
    [ChordGrid]   ═ Created primary beam level 1 { notesConnected: 1 }

      at DebugLogger.log (src/utils/DebugLogger.ts:71:13)
          at Array.map (<anonymous>)

  console.log
    [ChordGrid] 🎯 Creating beam groups { noteCount: 1, maxLevel: 1 }

      at DebugLogger.log (src/utils/DebugLogger.ts:71:13)
          at Array.map (<anonymous>)

  console.log
    [ChordGrid]   ═ Created primary beam level 1 { notesConnected: 1 }

      at DebugLogger.log (src/utils/DebugLogger.ts:71:13)
          at Array.map (<anonymous>)

  console.log
    [ChordGrid] ✅ Analysis complete { beamGroupsCreated: 8 }

      at DebugLogger.log (src/utils/DebugLogger.ts:71:13)
          at Array.map (<anonymous>)

  console.log
    [ChordGrid] 🎼 MusicAnalyzer: Starting analysis { segments: 1 }

      at DebugLogger.log (src/utils/DebugLogger.ts:71:13)
          at Array.map (<anonymous>)

  console.log
    [ChordGrid] 📋 Flattened notes { totalNotes: 4, beamableCount: 0 }

      at DebugLogger.log (src/utils/DebugLogger.ts:71:13)
          at Array.map (<anonymous>)

  console.log
    [ChordGrid] ✅ Analysis complete { beamGroupsCreated: 0 }

      at DebugLogger.log (src/utils/DebugLogger.ts:71:13)
          at Array.map (<anonymous>)

  console.log
    [ChordGrid] 🎼 MusicAnalyzer: Starting analysis { segments: 1 }

      at DebugLogger.log (src/utils/DebugLogger.ts:71:13)
          at Array.map (<anonymous>)

  console.log
    [ChordGrid] 📋 Flattened notes { totalNotes: 16, beamableCount: 16 }

      at DebugLogger.log (src/utils/DebugLogger.ts:71:13)
          at Array.map (<anonymous>)

  console.log
    [ChordGrid] 🎵 Analyzing beams {
      totalBeamable: 16,
      notes: [
        { index: 0, segmentIndex: 0, value: 16, absoluteIndex: 0 },
        { index: 1, segmentIndex: 0, value: 16, absoluteIndex: 1 },
        { index: 2, segmentIndex: 0, value: 16, absoluteIndex: 2 },
        { index: 3, segmentIndex: 0, value: 16, absoluteIndex: 3 },
        { index: 4, segmentIndex: 0, value: 16, absoluteIndex: 4 },
        { index: 5, segmentIndex: 0, value: 16, absoluteIndex: 5 },
        { index: 6, segmentIndex: 0, value: 16, absoluteIndex: 6 },
        { index: 7, segmentIndex: 0, value: 16, absoluteIndex: 7 },
        { index: 8, segmentIndex: 0, value: 16, absoluteIndex: 8 },
        { index: 9, segmentIndex: 0, value: 16, absoluteIndex: 9 },
        { index: 10, segmentIndex: 0, value: 16, absoluteIndex: 10 },
        { index: 11, segmentIndex: 0, value: 16, absoluteIndex: 11 },
        { index: 12, segmentIndex: 0, value: 16, absoluteIndex: 12 },
        { index: 13, segmentIndex: 0, value: 16, absoluteIndex: 13 },
        { index: 14, segmentIndex: 0, value: 16, absoluteIndex: 14 },
        { index: 15, segmentIndex: 0, value: 16, absoluteIndex: 15 }
      ]
    }

      at DebugLogger.log (src/utils/DebugLogger.ts:71:13)
          at Array.map (<anonymous>)

  console.log
    [ChordGrid] 🔍 Beat boundary within segment (space) { fromBeat: 0, toBeat: 1, segment: 0 }

      at DebugLogger.log (src/utils/DebugLogger.ts:71:13)
          at Array.map (<anonymous>)

  console.log
    [ChordGrid] 🔍 Beat boundary within segment (space) { fromBeat: 1, toBeat: 2, segment: 0 }

      at DebugLogger.log (src/utils/DebugLogger.ts:71:13)
          at Array.map (<anonymous>)

  console.log
    [ChordGrid] 🔍 Beat boundary within segment (space) { fromBeat: 2, toBeat: 3, segment: 0 }

      at DebugLogger.log (src/utils/DebugLogger.ts:71:13)
          at Array.map (<anonymous>)

  console.log
    [ChordGrid] 🎵 Beam segments after hard breaks {
      segmentCount: 4,
      segments: [
        [ 0, 1, 2, 3 ],
        [ 4, 5, 6, 7 ],
        [ 8, 9, 10, 11 ],
        [ 12, 13, 14, 15 ]
      ]
    }

      at DebugLogger.log (src/utils/DebugLogger.ts:71:13)
          at Array.map (<anonymous>)

  console.log
    [ChordGrid] 🎯 Creating beam groups { noteCount: 4, maxLevel: 2 }

      at DebugLogger.log (src/utils/DebugLogger.ts:71:13)
          at Array.map (<anonymous>)

  console.log
    [ChordGrid]   ═ Created primary beam level 1 { notesConnected: 4 }

      at DebugLogger.log (src/utils/DebugLogger.ts:71:13)
          at Array.map (<anonymous>)

  console.log
    [ChordGrid]   ═ Created secondary beam level 2 { notesConnected: 4 }

      at DebugLogger.log (src/utils/DebugLogger.ts:71:13)
          at Array.map (<anonymous>)

  console.log
    [ChordGrid] 🎯 Creating beam groups { noteCount: 4, maxLevel: 2 }

      at DebugLogger.log (src/utils/DebugLogger.ts:71:13)
          at Array.map (<anonymous>)

  console.log
    [ChordGrid]   ═ Created primary beam level 1 { notesConnected: 4 }

      at DebugLogger.log (src/utils/DebugLogger.ts:71:13)
          at Array.map (<anonymous>)

  console.log
    [ChordGrid]   ═ Created secondary beam level 2 { notesConnected: 4 }

      at DebugLogger.log (src/utils/DebugLogger.ts:71:13)
          at Array.map (<anonymous>)

  console.log
    [ChordGrid] 🎯 Creating beam groups { noteCount: 4, maxLevel: 2 }

      at DebugLogger.log (src/utils/DebugLogger.ts:71:13)
          at Array.map (<anonymous>)

  console.log
    [ChordGrid]   ═ Created primary beam level 1 { notesConnected: 4 }

      at DebugLogger.log (src/utils/DebugLogger.ts:71:13)
          at Array.map (<anonymous>)

  console.log
    [ChordGrid]   ═ Created secondary beam level 2 { notesConnected: 4 }

      at DebugLogger.log (src/utils/DebugLogger.ts:71:13)
          at Array.map (<anonymous>)

  console.log
    [ChordGrid] 🎯 Creating beam groups { noteCount: 4, maxLevel: 2 }

      at DebugLogger.log (src/utils/DebugLogger.ts:71:13)
          at Array.map (<anonymous>)

  console.log
    [ChordGrid]   ═ Created primary beam level 1 { notesConnected: 4 }

      at DebugLogger.log (src/utils/DebugLogger.ts:71:13)
          at Array.map (<anonymous>)

  console.log
    [ChordGrid]   ═ Created secondary beam level 2 { notesConnected: 4 }

      at DebugLogger.log (src/utils/DebugLogger.ts:71:13)
          at Array.map (<anonymous>)

  console.log
    [ChordGrid] ✅ Analysis complete { beamGroupsCreated: 8 }

      at DebugLogger.log (src/utils/DebugLogger.ts:71:13)
          at Array.map (<anonymous>)

  console.log
    [ChordGrid] 🎼 MusicAnalyzer: Starting analysis { segments: 1 }

      at DebugLogger.log (src/utils/DebugLogger.ts:71:13)
          at Array.map (<anonymous>)

  console.log
    [ChordGrid] 📋 Flattened notes { totalNotes: 16, beamableCount: 16 }

      at DebugLogger.log (src/utils/DebugLogger.ts:71:13)
          at Array.map (<anonymous>)

  console.log
    [ChordGrid] 🎵 Analyzing beams {
      totalBeamable: 16,
      notes: [
        { index: 0, segmentIndex: 0, value: 16, absoluteIndex: 0 },
        { index: 1, segmentIndex: 0, value: 16, absoluteIndex: 1 },
        { index: 2, segmentIndex: 0, value: 16, absoluteIndex: 2 },
        { index: 3, segmentIndex: 0, value: 16, absoluteIndex: 3 },
        { index: 4, segmentIndex: 0, value: 16, absoluteIndex: 4 },
        { index: 5, segmentIndex: 0, value: 16, absoluteIndex: 5 },
        { index: 6, segmentIndex: 0, value: 16, absoluteIndex: 6 },
        { index: 7, segmentIndex: 0, value: 16, absoluteIndex: 7 },
        { index: 8, segmentIndex: 0, value: 16, absoluteIndex: 8 },
        { index: 9, segmentIndex: 0, value: 16, absoluteIndex: 9 },
        { index: 10, segmentIndex: 0, value: 16, absoluteIndex: 10 },
        { index: 11, segmentIndex: 0, value: 16, absoluteIndex: 11 },
        { index: 12, segmentIndex: 0, value: 16, absoluteIndex: 12 },
        { index: 13, segmentIndex: 0, value: 16, absoluteIndex: 13 },
        { index: 14, segmentIndex: 0, value: 16, absoluteIndex: 14 },
        { index: 15, segmentIndex: 0, value: 16, absoluteIndex: 15 }
      ]
    }

      at DebugLogger.log (src/utils/DebugLogger.ts:71:13)
          at Array.map (<anonymous>)

  console.log
    [ChordGrid] 🔍 Beat boundary within segment (space) { fromBeat: 0, toBeat: 1, segment: 0 }

      at DebugLogger.log (src/utils/DebugLogger.ts:71:13)
          at Array.map (<anonymous>)

  console.log
    [ChordGrid] 🔍 Beat boundary within segment (space) { fromBeat: 1, toBeat: 2, segment: 0 }

      at DebugLogger.log (src/utils/DebugLogger.ts:71:13)
          at Array.map (<anonymous>)

  console.log
    [ChordGrid] 🔍 Beat boundary within segment (space) { fromBeat: 2, toBeat: 3, segment: 0 }

      at DebugLogger.log (src/utils/DebugLogger.ts:71:13)
          at Array.map (<anonymous>)

  console.log
    [ChordGrid] 🎵 Beam segments after hard breaks {
      segmentCount: 4,
      segments: [
        [ 0, 1, 2, 3 ],
        [ 4, 5, 6, 7 ],
        [ 8, 9, 10, 11 ],
        [ 12, 13, 14, 15 ]
      ]
    }

      at DebugLogger.log (src/utils/DebugLogger.ts:71:13)
          at Array.map (<anonymous>)

  console.log
    [ChordGrid] 🎯 Creating beam groups { noteCount: 4, maxLevel: 2 }

      at DebugLogger.log (src/utils/DebugLogger.ts:71:13)
          at Array.map (<anonymous>)

  console.log
    [ChordGrid]   ═ Created primary beam level 1 { notesConnected: 4 }

      at DebugLogger.log (src/utils/DebugLogger.ts:71:13)
          at Array.map (<anonymous>)

  console.log
    [ChordGrid]   ═ Created secondary beam level 2 { notesConnected: 4 }

      at DebugLogger.log (src/utils/DebugLogger.ts:71:13)
          at Array.map (<anonymous>)

  console.log
    [ChordGrid] 🎯 Creating beam groups { noteCount: 4, maxLevel: 2 }

      at DebugLogger.log (src/utils/DebugLogger.ts:71:13)
          at Array.map (<anonymous>)

  console.log
    [ChordGrid]   ═ Created primary beam level 1 { notesConnected: 4 }

      at DebugLogger.log (src/utils/DebugLogger.ts:71:13)
          at Array.map (<anonymous>)

  console.log
    [ChordGrid]   ═ Created secondary beam level 2 { notesConnected: 4 }

      at DebugLogger.log (src/utils/DebugLogger.ts:71:13)
          at Array.map (<anonymous>)

  console.log
    [ChordGrid] 🎯 Creating beam groups { noteCount: 4, maxLevel: 2 }

      at DebugLogger.log (src/utils/DebugLogger.ts:71:13)
          at Array.map (<anonymous>)

  console.log
    [ChordGrid]   ═ Created primary beam level 1 { notesConnected: 4 }

      at DebugLogger.log (src/utils/DebugLogger.ts:71:13)
          at Array.map (<anonymous>)

  console.log
    [ChordGrid]   ═ Created secondary beam level 2 { notesConnected: 4 }

      at DebugLogger.log (src/utils/DebugLogger.ts:71:13)
          at Array.map (<anonymous>)

  console.log
    [ChordGrid] 🎯 Creating beam groups { noteCount: 4, maxLevel: 2 }

      at DebugLogger.log (src/utils/DebugLogger.ts:71:13)
          at Array.map (<anonymous>)

  console.log
    [ChordGrid]   ═ Created primary beam level 1 { notesConnected: 4 }

      at DebugLogger.log (src/utils/DebugLogger.ts:71:13)
          at Array.map (<anonymous>)

  console.log
    [ChordGrid]   ═ Created secondary beam level 2 { notesConnected: 4 }

      at DebugLogger.log (src/utils/DebugLogger.ts:71:13)
          at Array.map (<anonymous>)

  console.log
    [ChordGrid] ✅ Analysis complete { beamGroupsCreated: 8 }

      at DebugLogger.log (src/utils/DebugLogger.ts:71:13)
          at Array.map (<anonymous>)

  console.log
    [ChordGrid] 🎼 MusicAnalyzer: Starting analysis { segments: 1 }

      at DebugLogger.log (src/utils/DebugLogger.ts:71:13)
          at Array.map (<anonymous>)

  console.log
    [ChordGrid] 📋 Flattened notes { totalNotes: 16, beamableCount: 16 }

      at DebugLogger.log (src/utils/DebugLogger.ts:71:13)
          at Array.map (<anonymous>)

  console.log
    [ChordGrid] 🎵 Analyzing beams {
      totalBeamable: 16,
      notes: [
        { index: 0, segmentIndex: 0, value: 16, absoluteIndex: 0 },
        { index: 1, segmentIndex: 0, value: 16, absoluteIndex: 1 },
        { index: 2, segmentIndex: 0, value: 16, absoluteIndex: 2 },
        { index: 3, segmentIndex: 0, value: 16, absoluteIndex: 3 },
        { index: 4, segmentIndex: 0, value: 16, absoluteIndex: 4 },
        { index: 5, segmentIndex: 0, value: 16, absoluteIndex: 5 },
        { index: 6, segmentIndex: 0, value: 16, absoluteIndex: 6 },
        { index: 7, segmentIndex: 0, value: 16, absoluteIndex: 7 },
        { index: 8, segmentIndex: 0, value: 16, absoluteIndex: 8 },
        { index: 9, segmentIndex: 0, value: 16, absoluteIndex: 9 },
        { index: 10, segmentIndex: 0, value: 16, absoluteIndex: 10 },
        { index: 11, segmentIndex: 0, value: 16, absoluteIndex: 11 },
        { index: 12, segmentIndex: 0, value: 16, absoluteIndex: 12 },
        { index: 13, segmentIndex: 0, value: 16, absoluteIndex: 13 },
        { index: 14, segmentIndex: 0, value: 16, absoluteIndex: 14 },
        { index: 15, segmentIndex: 0, value: 16, absoluteIndex: 15 }
      ]
    }

      at DebugLogger.log (src/utils/DebugLogger.ts:71:13)
          at Array.map (<anonymous>)

  console.log
    [ChordGrid] 🔍 Beat boundary within segment (space) { fromBeat: 0, toBeat: 1, segment: 0 }

      at DebugLogger.log (src/utils/DebugLogger.ts:71:13)
          at Array.map (<anonymous>)

  console.log
    [ChordGrid] 🔍 Beat boundary within segment (space) { fromBeat: 1, toBeat: 2, segment: 0 }

      at DebugLogger.log (src/utils/DebugLogger.ts:71:13)
          at Array.map (<anonymous>)

  console.log
    [ChordGrid] 🔍 Beat boundary within segment (space) { fromBeat: 2, toBeat: 3, segment: 0 }

      at DebugLogger.log (src/utils/DebugLogger.ts:71:13)
          at Array.map (<anonymous>)

  console.log
    [ChordGrid] 🎵 Beam segments after hard breaks {
      segmentCount: 4,
      segments: [
        [ 0, 1, 2, 3 ],
        [ 4, 5, 6, 7 ],
        [ 8, 9, 10, 11 ],
        [ 12, 13, 14, 15 ]
      ]
    }

      at DebugLogger.log (src/utils/DebugLogger.ts:71:13)
          at Array.map (<anonymous>)

  console.log
    [ChordGrid] 🎯 Creating beam groups { noteCount: 4, maxLevel: 2 }

      at DebugLogger.log (src/utils/DebugLogger.ts:71:13)
          at Array.map (<anonymous>)

  console.log
    [ChordGrid]   ═ Created primary beam level 1 { notesConnected: 4 }

      at DebugLogger.log (src/utils/DebugLogger.ts:71:13)
          at Array.map (<anonymous>)

  console.log
    [ChordGrid]   ═ Created secondary beam level 2 { notesConnected: 4 }

      at DebugLogger.log (src/utils/DebugLogger.ts:71:13)
          at Array.map (<anonymous>)

  console.log
    [ChordGrid] 🎯 Creating beam groups { noteCount: 4, maxLevel: 2 }

      at DebugLogger.log (src/utils/DebugLogger.ts:71:13)
          at Array.map (<anonymous>)

  console.log
    [ChordGrid]   ═ Created primary beam level 1 { notesConnected: 4 }

      at DebugLogger.log (src/utils/DebugLogger.ts:71:13)
          at Array.map (<anonymous>)

  console.log
    [ChordGrid]   ═ Created secondary beam level 2 { notesConnected: 4 }

      at DebugLogger.log (src/utils/DebugLogger.ts:71:13)
          at Array.map (<anonymous>)

  console.log
    [ChordGrid] 🎯 Creating beam groups { noteCount: 4, maxLevel: 2 }

      at DebugLogger.log (src/utils/DebugLogger.ts:71:13)
          at Array.map (<anonymous>)

  console.log
    [ChordGrid]   ═ Created primary beam level 1 { notesConnected: 4 }

      at DebugLogger.log (src/utils/DebugLogger.ts:71:13)
          at Array.map (<anonymous>)

  console.log
    [ChordGrid]   ═ Created secondary beam level 2 { notesConnected: 4 }

      at DebugLogger.log (src/utils/DebugLogger.ts:71:13)
          at Array.map (<anonymous>)

  console.log
    [ChordGrid] 🎯 Creating beam groups { noteCount: 4, maxLevel: 2 }

      at DebugLogger.log (src/utils/DebugLogger.ts:71:13)
          at Array.map (<anonymous>)

  console.log
    [ChordGrid]   ═ Created primary beam level 1 { notesConnected: 4 }

      at DebugLogger.log (src/utils/DebugLogger.ts:71:13)
          at Array.map (<anonymous>)

  console.log
    [ChordGrid]   ═ Created secondary beam level 2 { notesConnected: 4 }

      at DebugLogger.log (src/utils/DebugLogger.ts:71:13)
          at Array.map (<anonymous>)

  console.log
    [ChordGrid] ✅ Analysis complete { beamGroupsCreated: 8 }

      at DebugLogger.log (src/utils/DebugLogger.ts:71:13)
          at Array.map (<anonymous>)

  console.log
    [ChordGrid] 🎼 MusicAnalyzer: Starting analysis { segments: 1 }

      at DebugLogger.log (src/utils/DebugLogger.ts:71:13)
          at Array.map (<anonymous>)

  console.log
    [ChordGrid] 📋 Flattened notes { totalNotes: 8, beamableCount: 8 }

      at DebugLogger.log (src/utils/DebugLogger.ts:71:13)
          at Array.map (<anonymous>)

  console.log
    [ChordGrid] 🎵 Analyzing beams {
      totalBeamable: 8,
      notes: [
        { index: 0, segmentIndex: 0, value: 8, absoluteIndex: 0 },
        { index: 1, segmentIndex: 0, value: 8, absoluteIndex: 1 },
        { index: 2, segmentIndex: 0, value: 8, absoluteIndex: 2 },
        { index: 3, segmentIndex: 0, value: 8, absoluteIndex: 3 },
        { index: 4, segmentIndex: 0, value: 8, absoluteIndex: 4 },
        { index: 5, segmentIndex: 0, value: 8, absoluteIndex: 5 },
        { index: 6, segmentIndex: 0, value: 8, absoluteIndex: 6 },
        { index: 7, segmentIndex: 0, value: 8, absoluteIndex: 7 }
      ]
    }

      at DebugLogger.log (src/utils/DebugLogger.ts:71:13)
          at Array.map (<anonymous>)

  console.log
    [ChordGrid] 🔍 Beat boundary within segment (space) { fromBeat: 0, toBeat: 1, segment: 0 }

      at DebugLogger.log (src/utils/DebugLogger.ts:71:13)
          at Array.map (<anonymous>)

  console.log
    [ChordGrid] 🎵 Beam segments after hard breaks { segmentCount: 2, segments: [ [ 0, 1, 2, 3 ], [ 4, 5, 6, 7 ] ] }

      at DebugLogger.log (src/utils/DebugLogger.ts:71:13)
          at Array.map (<anonymous>)

  console.log
    [ChordGrid] 🎯 Creating beam groups { noteCount: 4, maxLevel: 1 }

      at DebugLogger.log (src/utils/DebugLogger.ts:71:13)
          at Array.map (<anonymous>)

  console.log
    [ChordGrid]   ═ Created primary beam level 1 { notesConnected: 4 }

      at DebugLogger.log (src/utils/DebugLogger.ts:71:13)
          at Array.map (<anonymous>)

  console.log
    [ChordGrid] 🎯 Creating beam groups { noteCount: 4, maxLevel: 1 }

      at DebugLogger.log (src/utils/DebugLogger.ts:71:13)
          at Array.map (<anonymous>)

  console.log
    [ChordGrid]   ═ Created primary beam level 1 { notesConnected: 4 }

      at DebugLogger.log (src/utils/DebugLogger.ts:71:13)
          at Array.map (<anonymous>)

  console.log
    [ChordGrid] ✅ Analysis complete { beamGroupsCreated: 2 }

      at DebugLogger.log (src/utils/DebugLogger.ts:71:13)
          at Array.map (<anonymous>)

  console.log
    [ChordGrid] 🎼 MusicAnalyzer: Starting analysis { segments: 1 }

      at DebugLogger.log (src/utils/DebugLogger.ts:71:13)
          at Array.map (<anonymous>)

  console.log
    [ChordGrid] 📋 Flattened notes { totalNotes: 16, beamableCount: 16 }

      at DebugLogger.log (src/utils/DebugLogger.ts:71:13)
          at Array.map (<anonymous>)

  console.log
    [ChordGrid] 🎵 Analyzing beams {
      totalBeamable: 16,
      notes: [
        { index: 0, segmentIndex: 0, value: 16, absoluteIndex: 0 },
        { index: 1, segmentIndex: 0, value: 16, absoluteIndex: 1 },
        { index: 2, segmentIndex: 0, value: 16, absoluteIndex: 2 },
        { index: 3, segmentIndex: 0, value: 16, absoluteIndex: 3 },
        { index: 4, segmentIndex: 0, value: 16, absoluteIndex: 4 },
        { index: 5, segmentIndex: 0, value: 16, absoluteIndex: 5 },
        { index: 6, segmentIndex: 0, value: 16, absoluteIndex: 6 },
        { index: 7, segmentIndex: 0, value: 16, absoluteIndex: 7 },
        { index: 8, segmentIndex: 0, value: 16, absoluteIndex: 8 },
        { index: 9, segmentIndex: 0, value: 16, absoluteIndex: 9 },
        { index: 10, segmentIndex: 0, value: 16, absoluteIndex: 10 },
        { index: 11, segmentIndex: 0, value: 16, absoluteIndex: 11 },
        { index: 12, segmentIndex: 0, value: 16, absoluteIndex: 12 },
        { index: 13, segmentIndex: 0, value: 16, absoluteIndex: 13 },
        { index: 14, segmentIndex: 0, value: 16, absoluteIndex: 14 },
        { index: 15, segmentIndex: 0, value: 16, absoluteIndex: 15 }
      ]
    }

      at DebugLogger.log (src/utils/DebugLogger.ts:71:13)
          at Array.map (<anonymous>)

  console.log
    [ChordGrid] 🔍 Beat boundary within segment (space) { fromBeat: 0, toBeat: 1, segment: 0 }

      at DebugLogger.log (src/utils/DebugLogger.ts:71:13)
          at Array.map (<anonymous>)

  console.log
    [ChordGrid] 🔍 Beat boundary within segment (space) { fromBeat: 1, toBeat: 2, segment: 0 }

      at DebugLogger.log (src/utils/DebugLogger.ts:71:13)
          at Array.map (<anonymous>)

  console.log
    [ChordGrid] 🔍 Beat boundary within segment (space) { fromBeat: 2, toBeat: 3, segment: 0 }

      at DebugLogger.log (src/utils/DebugLogger.ts:71:13)
          at Array.map (<anonymous>)

  console.log
    [ChordGrid] 🎵 Beam segments after hard breaks {
      segmentCount: 4,
      segments: [
        [ 0, 1, 2, 3 ],
        [ 4, 5, 6, 7 ],
        [ 8, 9, 10, 11 ],
        [ 12, 13, 14, 15 ]
      ]
    }

      at DebugLogger.log (src/utils/DebugLogger.ts:71:13)
          at Array.map (<anonymous>)

  console.log
    [ChordGrid] 🎯 Creating beam groups { noteCount: 4, maxLevel: 2 }

      at DebugLogger.log (src/utils/DebugLogger.ts:71:13)
          at Array.map (<anonymous>)

  console.log
    [ChordGrid]   ═ Created primary beam level 1 { notesConnected: 4 }

      at DebugLogger.log (src/utils/DebugLogger.ts:71:13)
          at Array.map (<anonymous>)

  console.log
    [ChordGrid]   ═ Created secondary beam level 2 { notesConnected: 4 }

      at DebugLogger.log (src/utils/DebugLogger.ts:71:13)
          at Array.map (<anonymous>)

  console.log
    [ChordGrid] 🎯 Creating beam groups { noteCount: 4, maxLevel: 2 }

      at DebugLogger.log (src/utils/DebugLogger.ts:71:13)
          at Array.map (<anonymous>)

  console.log
    [ChordGrid]   ═ Created primary beam level 1 { notesConnected: 4 }

      at DebugLogger.log (src/utils/DebugLogger.ts:71:13)
          at Array.map (<anonymous>)

  console.log
    [ChordGrid]   ═ Created secondary beam level 2 { notesConnected: 4 }

      at DebugLogger.log (src/utils/DebugLogger.ts:71:13)
          at Array.map (<anonymous>)

  console.log
    [ChordGrid] 🎯 Creating beam groups { noteCount: 4, maxLevel: 2 }

      at DebugLogger.log (src/utils/DebugLogger.ts:71:13)
          at Array.map (<anonymous>)

  console.log
    [ChordGrid]   ═ Created primary beam level 1 { notesConnected: 4 }

      at DebugLogger.log (src/utils/DebugLogger.ts:71:13)
          at Array.map (<anonymous>)

  console.log
    [ChordGrid]   ═ Created secondary beam level 2 { notesConnected: 4 }

      at DebugLogger.log (src/utils/DebugLogger.ts:71:13)
          at Array.map (<anonymous>)

  console.log
    [ChordGrid] 🎯 Creating beam groups { noteCount: 4, maxLevel: 2 }

      at DebugLogger.log (src/utils/DebugLogger.ts:71:13)
          at Array.map (<anonymous>)

  console.log
    [ChordGrid]   ═ Created primary beam level 1 { notesConnected: 4 }

      at DebugLogger.log (src/utils/DebugLogger.ts:71:13)
          at Array.map (<anonymous>)

  console.log
    [ChordGrid]   ═ Created secondary beam level 2 { notesConnected: 4 }

      at DebugLogger.log (src/utils/DebugLogger.ts:71:13)
          at Array.map (<anonymous>)

  console.log
    [ChordGrid] ✅ Analysis complete { beamGroupsCreated: 8 }

      at DebugLogger.log (src/utils/DebugLogger.ts:71:13)
          at Array.map (<anonymous>)

  console.log
    [ChordGrid] 🎼 MusicAnalyzer: Starting analysis { segments: 1 }

      at DebugLogger.log (src/utils/DebugLogger.ts:71:13)
          at Array.map (<anonymous>)

  console.log
    [ChordGrid] 📋 Flattened notes { totalNotes: 16, beamableCount: 16 }

      at DebugLogger.log (src/utils/DebugLogger.ts:71:13)
          at Array.map (<anonymous>)

  console.log
    [ChordGrid] 🎵 Analyzing beams {
      totalBeamable: 16,
      notes: [
        { index: 0, segmentIndex: 0, value: 16, absoluteIndex: 0 },
        { index: 1, segmentIndex: 0, value: 16, absoluteIndex: 1 },
        { index: 2, segmentIndex: 0, value: 16, absoluteIndex: 2 },
        { index: 3, segmentIndex: 0, value: 16, absoluteIndex: 3 },
        { index: 4, segmentIndex: 0, value: 16, absoluteIndex: 4 },
        { index: 5, segmentIndex: 0, value: 16, absoluteIndex: 5 },
        { index: 6, segmentIndex: 0, value: 16, absoluteIndex: 6 },
        { index: 7, segmentIndex: 0, value: 16, absoluteIndex: 7 },
        { index: 8, segmentIndex: 0, value: 16, absoluteIndex: 8 },
        { index: 9, segmentIndex: 0, value: 16, absoluteIndex: 9 },
        { index: 10, segmentIndex: 0, value: 16, absoluteIndex: 10 },
        { index: 11, segmentIndex: 0, value: 16, absoluteIndex: 11 },
        { index: 12, segmentIndex: 0, value: 16, absoluteIndex: 12 },
        { index: 13, segmentIndex: 0, value: 16, absoluteIndex: 13 },
        { index: 14, segmentIndex: 0, value: 16, absoluteIndex: 14 },
        { index: 15, segmentIndex: 0, value: 16, absoluteIndex: 15 }
      ]
    }

      at DebugLogger.log (src/utils/DebugLogger.ts:71:13)
          at Array.map (<anonymous>)

  console.log
    [ChordGrid] 🔍 Beat boundary within segment (space) { fromBeat: 0, toBeat: 1, segment: 0 }

      at DebugLogger.log (src/utils/DebugLogger.ts:71:13)
          at Array.map (<anonymous>)

  console.log
    [ChordGrid] 🔍 Beat boundary within segment (space) { fromBeat: 1, toBeat: 2, segment: 0 }

      at DebugLogger.log (src/utils/DebugLogger.ts:71:13)
          at Array.map (<anonymous>)

  console.log
    [ChordGrid] 🔍 Beat boundary within segment (space) { fromBeat: 2, toBeat: 3, segment: 0 }

      at DebugLogger.log (src/utils/DebugLogger.ts:71:13)
          at Array.map (<anonymous>)

  console.log
    [ChordGrid] 🎵 Beam segments after hard breaks {
      segmentCount: 4,
      segments: [
        [ 0, 1, 2, 3 ],
        [ 4, 5, 6, 7 ],
        [ 8, 9, 10, 11 ],
        [ 12, 13, 14, 15 ]
      ]
    }

      at DebugLogger.log (src/utils/DebugLogger.ts:71:13)
          at Array.map (<anonymous>)

  console.log
    [ChordGrid] 🎯 Creating beam groups { noteCount: 4, maxLevel: 2 }

      at DebugLogger.log (src/utils/DebugLogger.ts:71:13)
          at Array.map (<anonymous>)

  console.log
    [ChordGrid]   ═ Created primary beam level 1 { notesConnected: 4 }

      at DebugLogger.log (src/utils/DebugLogger.ts:71:13)
          at Array.map (<anonymous>)

  console.log
    [ChordGrid]   ═ Created secondary beam level 2 { notesConnected: 4 }

      at DebugLogger.log (src/utils/DebugLogger.ts:71:13)
          at Array.map (<anonymous>)

  console.log
    [ChordGrid] 🎯 Creating beam groups { noteCount: 4, maxLevel: 2 }

      at DebugLogger.log (src/utils/DebugLogger.ts:71:13)
          at Array.map (<anonymous>)

  console.log
    [ChordGrid]   ═ Created primary beam level 1 { notesConnected: 4 }

      at DebugLogger.log (src/utils/DebugLogger.ts:71:13)
          at Array.map (<anonymous>)

  console.log
    [ChordGrid]   ═ Created secondary beam level 2 { notesConnected: 4 }

      at DebugLogger.log (src/utils/DebugLogger.ts:71:13)
          at Array.map (<anonymous>)

  console.log
    [ChordGrid] 🎯 Creating beam groups { noteCount: 4, maxLevel: 2 }

      at DebugLogger.log (src/utils/DebugLogger.ts:71:13)
          at Array.map (<anonymous>)

  console.log
    [ChordGrid]   ═ Created primary beam level 1 { notesConnected: 4 }

      at DebugLogger.log (src/utils/DebugLogger.ts:71:13)
          at Array.map (<anonymous>)

  console.log
    [ChordGrid]   ═ Created secondary beam level 2 { notesConnected: 4 }

      at DebugLogger.log (src/utils/DebugLogger.ts:71:13)
          at Array.map (<anonymous>)

  console.log
    [ChordGrid] 🎯 Creating beam groups { noteCount: 4, maxLevel: 2 }

      at DebugLogger.log (src/utils/DebugLogger.ts:71:13)
          at Array.map (<anonymous>)

  console.log
    [ChordGrid]   ═ Created primary beam level 1 { notesConnected: 4 }

      at DebugLogger.log (src/utils/DebugLogger.ts:71:13)
          at Array.map (<anonymous>)

  console.log
    [ChordGrid]   ═ Created secondary beam level 2 { notesConnected: 4 }

      at DebugLogger.log (src/utils/DebugLogger.ts:71:13)
          at Array.map (<anonymous>)

  console.log
    [ChordGrid] ✅ Analysis complete { beamGroupsCreated: 8 }

      at DebugLogger.log (src/utils/DebugLogger.ts:71:13)
          at Array.map (<anonymous>)

  console.log
    [ChordGrid] 🎼 MusicAnalyzer: Starting analysis { segments: 1 }

      at DebugLogger.log (src/utils/DebugLogger.ts:71:13)
          at Array.map (<anonymous>)

  console.log
    [ChordGrid] 📋 Flattened notes { totalNotes: 16, beamableCount: 16 }

      at DebugLogger.log (src/utils/DebugLogger.ts:71:13)
          at Array.map (<anonymous>)

  console.log
    [ChordGrid] 🎵 Analyzing beams {
      totalBeamable: 16,
      notes: [
        { index: 0, segmentIndex: 0, value: 16, absoluteIndex: 0 },
        { index: 1, segmentIndex: 0, value: 16, absoluteIndex: 1 },
        { index: 2, segmentIndex: 0, value: 16, absoluteIndex: 2 },
        { index: 3, segmentIndex: 0, value: 16, absoluteIndex: 3 },
        { index: 4, segmentIndex: 0, value: 16, absoluteIndex: 4 },
        { index: 5, segmentIndex: 0, value: 16, absoluteIndex: 5 },
        { index: 6, segmentIndex: 0, value: 16, absoluteIndex: 6 },
        { index: 7, segmentIndex: 0, value: 16, absoluteIndex: 7 },
        { index: 8, segmentIndex: 0, value: 16, absoluteIndex: 8 },
        { index: 9, segmentIndex: 0, value: 16, absoluteIndex: 9 },
        { index: 10, segmentIndex: 0, value: 16, absoluteIndex: 10 },
        { index: 11, segmentIndex: 0, value: 16, absoluteIndex: 11 },
        { index: 12, segmentIndex: 0, value: 16, absoluteIndex: 12 },
        { index: 13, segmentIndex: 0, value: 16, absoluteIndex: 13 },
        { index: 14, segmentIndex: 0, value: 16, absoluteIndex: 14 },
        { index: 15, segmentIndex: 0, value: 16, absoluteIndex: 15 }
      ]
    }

      at DebugLogger.log (src/utils/DebugLogger.ts:71:13)
          at Array.map (<anonymous>)

  console.log
    [ChordGrid] 🔍 Beat boundary within segment (space) { fromBeat: 0, toBeat: 1, segment: 0 }

      at DebugLogger.log (src/utils/DebugLogger.ts:71:13)
          at Array.map (<anonymous>)

  console.log
    [ChordGrid] 🔍 Beat boundary within segment (space) { fromBeat: 1, toBeat: 2, segment: 0 }

      at DebugLogger.log (src/utils/DebugLogger.ts:71:13)
          at Array.map (<anonymous>)

  console.log
    [ChordGrid] 🔍 Beat boundary within segment (space) { fromBeat: 2, toBeat: 3, segment: 0 }

      at DebugLogger.log (src/utils/DebugLogger.ts:71:13)
          at Array.map (<anonymous>)

  console.log
    [ChordGrid] 🎵 Beam segments after hard breaks {
      segmentCount: 4,
      segments: [
        [ 0, 1, 2, 3 ],
        [ 4, 5, 6, 7 ],
        [ 8, 9, 10, 11 ],
        [ 12, 13, 14, 15 ]
      ]
    }

      at DebugLogger.log (src/utils/DebugLogger.ts:71:13)
          at Array.map (<anonymous>)

  console.log
    [ChordGrid] 🎯 Creating beam groups { noteCount: 4, maxLevel: 2 }

      at DebugLogger.log (src/utils/DebugLogger.ts:71:13)
          at Array.map (<anonymous>)

  console.log
    [ChordGrid]   ═ Created primary beam level 1 { notesConnected: 4 }

      at DebugLogger.log (src/utils/DebugLogger.ts:71:13)
          at Array.map (<anonymous>)

  console.log
    [ChordGrid]   ═ Created secondary beam level 2 { notesConnected: 4 }

      at DebugLogger.log (src/utils/DebugLogger.ts:71:13)
          at Array.map (<anonymous>)

  console.log
    [ChordGrid] 🎯 Creating beam groups { noteCount: 4, maxLevel: 2 }

      at DebugLogger.log (src/utils/DebugLogger.ts:71:13)
          at Array.map (<anonymous>)

  console.log
    [ChordGrid]   ═ Created primary beam level 1 { notesConnected: 4 }

      at DebugLogger.log (src/utils/DebugLogger.ts:71:13)
          at Array.map (<anonymous>)

  console.log
    [ChordGrid]   ═ Created secondary beam level 2 { notesConnected: 4 }

      at DebugLogger.log (src/utils/DebugLogger.ts:71:13)
          at Array.map (<anonymous>)

  console.log
    [ChordGrid] 🎯 Creating beam groups { noteCount: 4, maxLevel: 2 }

      at DebugLogger.log (src/utils/DebugLogger.ts:71:13)
          at Array.map (<anonymous>)

  console.log
    [ChordGrid]   ═ Created primary beam level 1 { notesConnected: 4 }

      at DebugLogger.log (src/utils/DebugLogger.ts:71:13)
          at Array.map (<anonymous>)

  console.log
    [ChordGrid]   ═ Created secondary beam level 2 { notesConnected: 4 }

      at DebugLogger.log (src/utils/DebugLogger.ts:71:13)
          at Array.map (<anonymous>)

  console.log
    [ChordGrid] 🎯 Creating beam groups { noteCount: 4, maxLevel: 2 }

      at DebugLogger.log (src/utils/DebugLogger.ts:71:13)
          at Array.map (<anonymous>)

  console.log
    [ChordGrid]   ═ Created primary beam level 1 { notesConnected: 4 }

      at DebugLogger.log (src/utils/DebugLogger.ts:71:13)
          at Array.map (<anonymous>)

  console.log
    [ChordGrid]   ═ Created secondary beam level 2 { notesConnected: 4 }

      at DebugLogger.log (src/utils/DebugLogger.ts:71:13)
          at Array.map (<anonymous>)

  console.log
    [ChordGrid] ✅ Analysis complete { beamGroupsCreated: 8 }

      at DebugLogger.log (src/utils/DebugLogger.ts:71:13)
          at Array.map (<anonymous>)

  console.log
    [ChordGrid] 🎼 MusicAnalyzer: Starting analysis { segments: 1 }

      at DebugLogger.log (src/utils/DebugLogger.ts:71:13)
          at Array.map (<anonymous>)

  console.log
    [ChordGrid] 📋 Flattened notes { totalNotes: 8, beamableCount: 8 }

      at DebugLogger.log (src/utils/DebugLogger.ts:71:13)
          at Array.map (<anonymous>)

  console.log
    [ChordGrid] 🎵 Analyzing beams {
      totalBeamable: 8,
      notes: [
        { index: 0, segmentIndex: 0, value: 8, absoluteIndex: 0 },
        { index: 1, segmentIndex: 0, value: 8, absoluteIndex: 1 },
        { index: 2, segmentIndex: 0, value: 8, absoluteIndex: 2 },
        { index: 3, segmentIndex: 0, value: 8, absoluteIndex: 3 },
        { index: 4, segmentIndex: 0, value: 8, absoluteIndex: 4 },
        { index: 5, segmentIndex: 0, value: 8, absoluteIndex: 5 },
        { index: 6, segmentIndex: 0, value: 8, absoluteIndex: 6 },
        { index: 7, segmentIndex: 0, value: 8, absoluteIndex: 7 }
      ]
    }

      at DebugLogger.log (src/utils/DebugLogger.ts:71:13)
          at Array.map (<anonymous>)

  console.log
    [ChordGrid] 🔍 Beat boundary within segment (space) { fromBeat: 0, toBeat: 1, segment: 0 }

      at DebugLogger.log (src/utils/DebugLogger.ts:71:13)
          at Array.map (<anonymous>)

  console.log
    [ChordGrid] 🎵 Beam segments after hard breaks { segmentCount: 2, segments: [ [ 0, 1, 2, 3 ], [ 4, 5, 6, 7 ] ] }

      at DebugLogger.log (src/utils/DebugLogger.ts:71:13)
          at Array.map (<anonymous>)

  console.log
    [ChordGrid] 🎯 Creating beam groups { noteCount: 4, maxLevel: 1 }

      at DebugLogger.log (src/utils/DebugLogger.ts:71:13)
          at Array.map (<anonymous>)

  console.log
    [ChordGrid]   ═ Created primary beam level 1 { notesConnected: 4 }

      at DebugLogger.log (src/utils/DebugLogger.ts:71:13)
          at Array.map (<anonymous>)

  console.log
    [ChordGrid] 🎯 Creating beam groups { noteCount: 4, maxLevel: 1 }

      at DebugLogger.log (src/utils/DebugLogger.ts:71:13)
          at Array.map (<anonymous>)

  console.log
    [ChordGrid]   ═ Created primary beam level 1 { notesConnected: 4 }

      at DebugLogger.log (src/utils/DebugLogger.ts:71:13)
          at Array.map (<anonymous>)

  console.log
    [ChordGrid] ✅ Analysis complete { beamGroupsCreated: 2 }

      at DebugLogger.log (src/utils/DebugLogger.ts:71:13)
          at Array.map (<anonymous>)

  console.log
    [ChordGrid] 🎼 MusicAnalyzer: Starting analysis { segments: 1 }

      at DebugLogger.log (src/utils/DebugLogger.ts:71:13)
          at Array.map (<anonymous>)

  console.log
    [ChordGrid] 📋 Flattened notes { totalNotes: 16, beamableCount: 16 }

      at DebugLogger.log (src/utils/DebugLogger.ts:71:13)
          at Array.map (<anonymous>)

  console.log
    [ChordGrid] 🎵 Analyzing beams {
      totalBeamable: 16,
      notes: [
        { index: 0, segmentIndex: 0, value: 16, absoluteIndex: 0 },
        { index: 1, segmentIndex: 0, value: 16, absoluteIndex: 1 },
        { index: 2, segmentIndex: 0, value: 16, absoluteIndex: 2 },
        { index: 3, segmentIndex: 0, value: 16, absoluteIndex: 3 },
        { index: 4, segmentIndex: 0, value: 16, absoluteIndex: 4 },
        { index: 5, segmentIndex: 0, value: 16, absoluteIndex: 5 },
        { index: 6, segmentIndex: 0, value: 16, absoluteIndex: 6 },
        { index: 7, segmentIndex: 0, value: 16, absoluteIndex: 7 },
        { index: 8, segmentIndex: 0, value: 16, absoluteIndex: 8 },
        { index: 9, segmentIndex: 0, value: 16, absoluteIndex: 9 },
        { index: 10, segmentIndex: 0, value: 16, absoluteIndex: 10 },
        { index: 11, segmentIndex: 0, value: 16, absoluteIndex: 11 },
        { index: 12, segmentIndex: 0, value: 16, absoluteIndex: 12 },
        { index: 13, segmentIndex: 0, value: 16, absoluteIndex: 13 },
        { index: 14, segmentIndex: 0, value: 16, absoluteIndex: 14 },
        { index: 15, segmentIndex: 0, value: 16, absoluteIndex: 15 }
      ]
    }

      at DebugLogger.log (src/utils/DebugLogger.ts:71:13)
          at Array.map (<anonymous>)

  console.log
    [ChordGrid] 🔍 Beat boundary within segment (space) { fromBeat: 0, toBeat: 1, segment: 0 }

      at DebugLogger.log (src/utils/DebugLogger.ts:71:13)
          at Array.map (<anonymous>)

  console.log
    [ChordGrid] 🔍 Beat boundary within segment (space) { fromBeat: 1, toBeat: 2, segment: 0 }

      at DebugLogger.log (src/utils/DebugLogger.ts:71:13)
          at Array.map (<anonymous>)

  console.log
    [ChordGrid] 🔍 Beat boundary within segment (space) { fromBeat: 2, toBeat: 3, segment: 0 }

      at DebugLogger.log (src/utils/DebugLogger.ts:71:13)
          at Array.map (<anonymous>)

  console.log
    [ChordGrid] 🎵 Beam segments after hard breaks {
      segmentCount: 4,
      segments: [
        [ 0, 1, 2, 3 ],
        [ 4, 5, 6, 7 ],
        [ 8, 9, 10, 11 ],
        [ 12, 13, 14, 15 ]
      ]
    }

      at DebugLogger.log (src/utils/DebugLogger.ts:71:13)
          at Array.map (<anonymous>)

  console.log
    [ChordGrid] 🎯 Creating beam groups { noteCount: 4, maxLevel: 2 }

      at DebugLogger.log (src/utils/DebugLogger.ts:71:13)
          at Array.map (<anonymous>)

  console.log
    [ChordGrid]   ═ Created primary beam level 1 { notesConnected: 4 }

      at DebugLogger.log (src/utils/DebugLogger.ts:71:13)
          at Array.map (<anonymous>)

  console.log
    [ChordGrid]   ═ Created secondary beam level 2 { notesConnected: 4 }

      at DebugLogger.log (src/utils/DebugLogger.ts:71:13)
          at Array.map (<anonymous>)

  console.log
    [ChordGrid] 🎯 Creating beam groups { noteCount: 4, maxLevel: 2 }

      at DebugLogger.log (src/utils/DebugLogger.ts:71:13)
          at Array.map (<anonymous>)

  console.log
    [ChordGrid]   ═ Created primary beam level 1 { notesConnected: 4 }

      at DebugLogger.log (src/utils/DebugLogger.ts:71:13)
          at Array.map (<anonymous>)

  console.log
    [ChordGrid]   ═ Created secondary beam level 2 { notesConnected: 4 }

      at DebugLogger.log (src/utils/DebugLogger.ts:71:13)
          at Array.map (<anonymous>)

  console.log
    [ChordGrid] 🎯 Creating beam groups { noteCount: 4, maxLevel: 2 }

      at DebugLogger.log (src/utils/DebugLogger.ts:71:13)
          at Array.map (<anonymous>)

  console.log
    [ChordGrid]   ═ Created primary beam level 1 { notesConnected: 4 }

      at DebugLogger.log (src/utils/DebugLogger.ts:71:13)
          at Array.map (<anonymous>)

  console.log
    [ChordGrid]   ═ Created secondary beam level 2 { notesConnected: 4 }

      at DebugLogger.log (src/utils/DebugLogger.ts:71:13)
          at Array.map (<anonymous>)

  console.log
    [ChordGrid] 🎯 Creating beam groups { noteCount: 4, maxLevel: 2 }

      at DebugLogger.log (src/utils/DebugLogger.ts:71:13)
          at Array.map (<anonymous>)

  console.log
    [ChordGrid]   ═ Created primary beam level 1 { notesConnected: 4 }

      at DebugLogger.log (src/utils/DebugLogger.ts:71:13)
          at Array.map (<anonymous>)

  console.log
    [ChordGrid]   ═ Created secondary beam level 2 { notesConnected: 4 }

      at DebugLogger.log (src/utils/DebugLogger.ts:71:13)
          at Array.map (<anonymous>)

  console.log
    [ChordGrid] ✅ Analysis complete { beamGroupsCreated: 8 }

      at DebugLogger.log (src/utils/DebugLogger.ts:71:13)
          at Array.map (<anonymous>)

  console.log
    [ChordGrid] 🎼 MusicAnalyzer: Starting analysis { segments: 1 }

      at DebugLogger.log (src/utils/DebugLogger.ts:71:13)
          at Array.map (<anonymous>)

  console.log
    [ChordGrid] 📋 Flattened notes { totalNotes: 8, beamableCount: 8 }

      at DebugLogger.log (src/utils/DebugLogger.ts:71:13)
          at Array.map (<anonymous>)

  console.log
    [ChordGrid] 🎵 Analyzing beams {
      totalBeamable: 8,
      notes: [
        { index: 0, segmentIndex: 0, value: 8, absoluteIndex: 0 },
        { index: 1, segmentIndex: 0, value: 8, absoluteIndex: 1 },
        { index: 2, segmentIndex: 0, value: 8, absoluteIndex: 2 },
        { index: 3, segmentIndex: 0, value: 8, absoluteIndex: 3 },
        { index: 4, segmentIndex: 0, value: 8, absoluteIndex: 4 },
        { index: 5, segmentIndex: 0, value: 8, absoluteIndex: 5 },
        { index: 6, segmentIndex: 0, value: 8, absoluteIndex: 6 },
        { index: 7, segmentIndex: 0, value: 8, absoluteIndex: 7 }
      ]
    }

      at DebugLogger.log (src/utils/DebugLogger.ts:71:13)
          at Array.map (<anonymous>)

  console.log
    [ChordGrid] 🔍 Beat boundary within segment (space) { fromBeat: 0, toBeat: 1, segment: 0 }

      at DebugLogger.log (src/utils/DebugLogger.ts:71:13)
          at Array.map (<anonymous>)

  console.log
    [ChordGrid] 🎵 Beam segments after hard breaks { segmentCount: 2, segments: [ [ 0, 1, 2, 3 ], [ 4, 5, 6, 7 ] ] }

      at DebugLogger.log (src/utils/DebugLogger.ts:71:13)
          at Array.map (<anonymous>)

  console.log
    [ChordGrid] 🎯 Creating beam groups { noteCount: 4, maxLevel: 1 }

      at DebugLogger.log (src/utils/DebugLogger.ts:71:13)
          at Array.map (<anonymous>)

  console.log
    [ChordGrid]   ═ Created primary beam level 1 { notesConnected: 4 }

      at DebugLogger.log (src/utils/DebugLogger.ts:71:13)
          at Array.map (<anonymous>)

  console.log
    [ChordGrid] 🎯 Creating beam groups { noteCount: 4, maxLevel: 1 }

      at DebugLogger.log (src/utils/DebugLogger.ts:71:13)
          at Array.map (<anonymous>)

  console.log
    [ChordGrid]   ═ Created primary beam level 1 { notesConnected: 4 }

      at DebugLogger.log (src/utils/DebugLogger.ts:71:13)
          at Array.map (<anonymous>)

  console.log
    [ChordGrid] ✅ Analysis complete { beamGroupsCreated: 2 }

      at DebugLogger.log (src/utils/DebugLogger.ts:71:13)
          at Array.map (<anonymous>)

  console.log
    [ChordGrid] 🎼 MusicAnalyzer: Starting analysis { segments: 1 }

      at DebugLogger.log (src/utils/DebugLogger.ts:71:13)
          at Array.map (<anonymous>)

  console.log
    [ChordGrid] 📋 Flattened notes { totalNotes: 16, beamableCount: 16 }

      at DebugLogger.log (src/utils/DebugLogger.ts:71:13)
          at Array.map (<anonymous>)

  console.log
    [ChordGrid] 🎵 Analyzing beams {
      totalBeamable: 16,
      notes: [
        { index: 0, segmentIndex: 0, value: 16, absoluteIndex: 0 },
        { index: 1, segmentIndex: 0, value: 16, absoluteIndex: 1 },
        { index: 2, segmentIndex: 0, value: 16, absoluteIndex: 2 },
        { index: 3, segmentIndex: 0, value: 16, absoluteIndex: 3 },
        { index: 4, segmentIndex: 0, value: 16, absoluteIndex: 4 },
        { index: 5, segmentIndex: 0, value: 16, absoluteIndex: 5 },
        { index: 6, segmentIndex: 0, value: 16, absoluteIndex: 6 },
        { index: 7, segmentIndex: 0, value: 16, absoluteIndex: 7 },
        { index: 8, segmentIndex: 0, value: 16, absoluteIndex: 8 },
        { index: 9, segmentIndex: 0, value: 16, absoluteIndex: 9 },
        { index: 10, segmentIndex: 0, value: 16, absoluteIndex: 10 },
        { index: 11, segmentIndex: 0, value: 16, absoluteIndex: 11 },
        { index: 12, segmentIndex: 0, value: 16, absoluteIndex: 12 },
        { index: 13, segmentIndex: 0, value: 16, absoluteIndex: 13 },
        { index: 14, segmentIndex: 0, value: 16, absoluteIndex: 14 },
        { index: 15, segmentIndex: 0, value: 16, absoluteIndex: 15 }
      ]
    }

      at DebugLogger.log (src/utils/DebugLogger.ts:71:13)
          at Array.map (<anonymous>)

  console.log
    [ChordGrid] 🔍 Beat boundary within segment (space) { fromBeat: 0, toBeat: 1, segment: 0 }

      at DebugLogger.log (src/utils/DebugLogger.ts:71:13)
          at Array.map (<anonymous>)

  console.log
    [ChordGrid] 🔍 Beat boundary within segment (space) { fromBeat: 1, toBeat: 2, segment: 0 }

      at DebugLogger.log (src/utils/DebugLogger.ts:71:13)
          at Array.map (<anonymous>)

  console.log
    [ChordGrid] 🔍 Beat boundary within segment (space) { fromBeat: 2, toBeat: 3, segment: 0 }

      at DebugLogger.log (src/utils/DebugLogger.ts:71:13)
          at Array.map (<anonymous>)

  console.log
    [ChordGrid] 🎵 Beam segments after hard breaks {
      segmentCount: 4,
      segments: [
        [ 0, 1, 2, 3 ],
        [ 4, 5, 6, 7 ],
        [ 8, 9, 10, 11 ],
        [ 12, 13, 14, 15 ]
      ]
    }

      at DebugLogger.log (src/utils/DebugLogger.ts:71:13)
          at Array.map (<anonymous>)

  console.log
    [ChordGrid] 🎯 Creating beam groups { noteCount: 4, maxLevel: 2 }

      at DebugLogger.log (src/utils/DebugLogger.ts:71:13)
          at Array.map (<anonymous>)

  console.log
    [ChordGrid]   ═ Created primary beam level 1 { notesConnected: 4 }

      at DebugLogger.log (src/utils/DebugLogger.ts:71:13)
          at Array.map (<anonymous>)

  console.log
    [ChordGrid]   ═ Created secondary beam level 2 { notesConnected: 4 }

      at DebugLogger.log (src/utils/DebugLogger.ts:71:13)
          at Array.map (<anonymous>)

  console.log
    [ChordGrid] 🎯 Creating beam groups { noteCount: 4, maxLevel: 2 }

      at DebugLogger.log (src/utils/DebugLogger.ts:71:13)
          at Array.map (<anonymous>)

  console.log
    [ChordGrid]   ═ Created primary beam level 1 { notesConnected: 4 }

      at DebugLogger.log (src/utils/DebugLogger.ts:71:13)
          at Array.map (<anonymous>)

  console.log
    [ChordGrid]   ═ Created secondary beam level 2 { notesConnected: 4 }

      at DebugLogger.log (src/utils/DebugLogger.ts:71:13)
          at Array.map (<anonymous>)

  console.log
    [ChordGrid] 🎯 Creating beam groups { noteCount: 4, maxLevel: 2 }

      at DebugLogger.log (src/utils/DebugLogger.ts:71:13)
          at Array.map (<anonymous>)

  console.log
    [ChordGrid]   ═ Created primary beam level 1 { notesConnected: 4 }

      at DebugLogger.log (src/utils/DebugLogger.ts:71:13)
          at Array.map (<anonymous>)

  console.log
    [ChordGrid]   ═ Created secondary beam level 2 { notesConnected: 4 }

      at DebugLogger.log (src/utils/DebugLogger.ts:71:13)
          at Array.map (<anonymous>)

  console.log
    [ChordGrid] 🎯 Creating beam groups { noteCount: 4, maxLevel: 2 }

      at DebugLogger.log (src/utils/DebugLogger.ts:71:13)
          at Array.map (<anonymous>)

  console.log
    [ChordGrid]   ═ Created primary beam level 1 { notesConnected: 4 }

      at DebugLogger.log (src/utils/DebugLogger.ts:71:13)
          at Array.map (<anonymous>)

  console.log
    [ChordGrid]   ═ Created secondary beam level 2 { notesConnected: 4 }

      at DebugLogger.log (src/utils/DebugLogger.ts:71:13)
          at Array.map (<anonymous>)

  console.log
    [ChordGrid] ✅ Analysis complete { beamGroupsCreated: 8 }

      at DebugLogger.log (src/utils/DebugLogger.ts:71:13)
          at Array.map (<anonymous>)

FAIL test/forced_strokes.spec.ts
  Forced Pick and Finger Strokes
    Pick Mode - Forced Directions
      √ should parse d suffix as downstroke in pick mode (8 ms)
      √ should parse u suffix as upstroke in pick mode (1 ms)
      √ should NOT parse td/tu/pd/pu as valid in pick mode (1 ms)
      √ should mix forced and automatic pick strokes
    Finger Mode - Forced Symbols
      √ should parse d suffix as thumb down (td) in finger mode (1 ms)
      √ should parse u suffix as thumb up (tu) in finger mode
      √ should parse td suffix explicitly in finger mode
      √ should parse pd/pu (French notation) in finger mode (1 ms)
      √ should parse hd/hu (hand down/up) in finger mode
      √ should parse md/mu (main down/up - French) in finger mode
      √ should mix forced and automatic finger symbols (1 ms)
      √ should handle all finger symbols in sequence (1 ms)
    Rendering - Pick Mode with Forced Directions
      √ should render forced down/up strokes instead of automatic alternation (119 ms)
      √ should use automatic alternation when no forced direction specified (41 ms)
      √ should mix forced and automatic pick directions correctly (22 ms)
    Rendering - Finger Mode with Forced Symbols
      √ should render forced finger symbols instead of automatic pattern (8 ms)
      √ should use automatic pattern when no forced symbol specified (33 ms)
      √ should render French notation correctly (5 ms)
    Edge Cases
      √ should handle forced strokes with dotted notes (1 ms)
      √ should handle forced strokes with ghost notes
      √ should handle forced strokes with rests (should be ignored) (1 ms)
      √ should handle consecutive forced strokes without spaces (1 ms)
      √ should not confuse forced strokes with note values
    Mode Isolation
      √ pick mode should not interfere with finger mode
      √ should handle no mode specified (no forced strokes) (1 ms)
    Automatic Pattern - Multi-measure Consistency
      √ should maintain correct finger pattern across multiple measures with mixed note values (2 
ms)
      √ should reset pattern at the start of each measure - simple case (93 ms)
      × should reset pattern when time signature changes (2 ms)
      √ should handle pattern correctly with eighth notes followed by sixteenth notes (39 ms)
      √ should maintain correct pattern for consecutive measures with only sixteenth notes (49 ms)
      √ should handle mixed eighth and sixteenth notes within same line (86 ms)

  ● Forced Pick and Finger Strokes › Automatic Pattern - Multi-measure Consistency › should reset 
pattern when time signature changes

    expect(received).toBe(expected) // Object.is equality

    Expected: 4
    Received: undefined

    [0m [90m 464 |[39m
     [90m 465 |[39m       [90m// Verify time signatures are different[39m
    [31m[1m>[22m[39m[90m 466 |[39m       expect(result[33m.[39mmeasures[[35m0[39m][33m.[
39mtimeSignature[33m?[39m[33m.[39mnumerator)[33m.[39mtoBe([35m4[39m)[33m;[39m
     [90m     |[39m                                                           [31m[1m^[22m[39m
     [90m 467 |[39m       expect(result[33m.[39mmeasures[[35m1[39m][33m.[39mtimeSignature[3
3m?[39m[33m.[39mnumerator)[33m.[39mtoBe([35m3[39m)[33m;[39m
     [90m 468 |[39m       expect(result[33m.[39mmeasures[[35m2[39m][33m.[39mtimeSignature[3
3m?[39m[33m.[39mnumerator)[33m.[39mtoBe([35m4[39m)[33m;[39m
     [90m 469 |[39m[0m

      at Object.<anonymous> (test/forced_strokes.spec.ts:466:59)

Test Suites: 1 failed, 1 total
Tests:       1 failed, 30 passed, 31 total
Snapshots:   0 total
Time:        3.754 s, estimated 4 s
Ran all test suites matching forced_strokes.spec.ts.
