Testing input: picks-auto
4/4 ||: C[4 88_4 4] | % | G[%] | % :||

Parsed measures: 4

[PlaceAndSizeManager] Cleared all elements
[PlaceAndSizeManager] Registered time-signature { x: 10, y: 22, width: 29, height: 22 } layer: structure, margin: 4px
[PlaceAndSizeManager] Registered barline { x: 40, y: 20, width: 10, height: 120 } layer: structure, margin: 5px
[PlaceAndSizeManager] Registered barline { x: 278, y: 20, width: 6, height: 120 } layer: structure, margin: 5px
[PlaceAndSizeManager] Registered barline { x: 518, y: 20, width: 6, height: 120 } layer: structure, margin: 5px
[PlaceAndSizeManager] Registered barline { x: 758, y: 20, width: 6, height: 120 } layer: structure, margin: 5px
[PlaceAndSizeManager] Registered barline { x: 998, y: 20, width: 10, height: 120 } layer: structure, margin: 5px
[registerChords] Chord "C" calc: {
  measureX: 43,
  extraLeftPadding: 15,
  currentX: 58,
  segmentX: 68,
  beatX: 68,
  noteBaseX: 78,
  chordX: 83,
  stemFormula: 'noteBaseX(78) + slashLength/2(5) = 83'
}
[PlaceAndSizeManager] Registered chord { x: 83, y: 38, width: 13.2, height: 26 } layer: above-staff, margin: 3px
[registerChords] Chord "C" calc: {
  measureX: 283,
  extraLeftPadding: 0,
  currentX: 283,
  segmentX: 293,
  beatX: 293,
  noteBaseX: 303,
  chordX: 308,
  stemFormula: 'noteBaseX(303) + slashLength/2(5) = 308'
}
[PlaceAndSizeManager] Registered chord { x: 308, y: 38, width: 13.2, height: 26 } layer: above-staff, margin: 3px
[registerChords] Chord "G" calc: {
  measureX: 523,
  extraLeftPadding: 0,
  currentX: 523,
  segmentX: 533,
  beatX: 533,
  noteBaseX: 543,
  chordX: 548,
  stemFormula: 'noteBaseX(543) + slashLength/2(5) = 548'
}
[PlaceAndSizeManager] Registered chord { x: 548, y: 38, width: 13.2, height: 26 } layer: above-staff, margin: 3px
[registerChords] Chord "G" calc: {
  measureX: 763,
  extraLeftPadding: 0,
  currentX: 763,
  segmentX: 773,
  beatX: 773,
  noteBaseX: 783,
  chordX: 788,
  stemFormula: 'noteBaseX(783) + slashLength/2(5) = 788'
}
[PlaceAndSizeManager] Registered chord { x: 788, y: 38, width: 13.2, height: 26 } layer: above-staff, margin: 3px
[PlaceAndSizeManager] Registered measure { x: 43, y: 20, width: 240, height: 120 } layer: structure, margin: 2px
[PlaceAndSizeManager] Registered measure { x: 283, y: 20, width: 240, height: 120 } layer: structure, margin: 2px
[PlaceAndSizeManager] Registered measure { x: 523, y: 20, width: 240, height: 120 } layer: structure, margin: 2px
[PlaceAndSizeManager] Registered measure { x: 763, y: 20, width: 240, height: 120 } layer: structure, margin: 2px
[PlaceAndSizeManager] Registered staff-line { x: 53, y: 99, width: 220, height: 2 } layer: staff, margin: 0px
[PlaceAndSizeManager] Registered note { x: 73, y: 88, width: 10, height: 24 } layer: staff, margin: 1px
[PlaceAndSizeManager] Registered stem { x: 75, y: 70, width: 3, height: 25 } layer: staff, margin: 0px
[drawMeasure] Segment 0, Beat 0: {
  currentX: 58,
  segmentX: 68,
  beatX: 68,
  firstNoteX: 78,
  expectedStemX: 83
}
[PlaceAndSizeManager] Registered note { x: 129.94117647058823, y: 88, width: 10, height: 24 } layer: staff, margin: 1px
[PlaceAndSizeManager] Registered stem { x: 131.94117647058823, y: 70, width: 3, height: 25 } layer: staff, margin: 0px
[PlaceAndSizeManager] Registered note { x: 153.94117647058823, y: 88, width: 10, height: 24 } layer: staff, margin: 1px
[PlaceAndSizeManager] Registered stem { x: 155.94117647058823, y: 70, width: 3, height: 25 } layer: staff, margin: 0px
[PlaceAndSizeManager] Registered note { x: 177.94117647058823, y: 88, width: 10, height: 24 } layer: staff, margin: 1px
[PlaceAndSizeManager] Registered stem { x: 179.94117647058823, y: 70, width: 3, height: 25 } layer: staff, margin: 0px
[drawMeasure] Segment 0, Beat 1: {
  currentX: 58,
  segmentX: 68,
  beatX: 124.94117647058823,
  firstNoteX: 134.94117647058823,
  expectedStemX: 139.94117647058823
}
[PlaceAndSizeManager] Registered note { x: 236.05882352941177, y: 88, width: 10, height: 24 } layer: staff, margin: 1px
[PlaceAndSizeManager] Registered stem { x: 238.05882352941177, y: 70, width: 3, height: 25 } layer: staff, margin: 0px
[drawMeasure] Segment 0, Beat 2: {
  currentX: 58,
  segmentX: 68,
  beatX: 231.05882352941177,
  firstNoteX: 241.05882352941177,
  expectedStemX: 246.05882352941177
}
[PlaceAndSizeManager] Registered staff-line { x: 293, y: 99, width: 220, height: 2 } layer: staff, margin: 0px
[PlaceAndSizeManager] Registered note { x: 298, y: 88, width: 10, height: 24 } layer: staff, margin: 1px
[PlaceAndSizeManager] Registered stem { x: 300, y: 70, width: 3, height: 25 } layer: staff, margin: 0px
[drawMeasure] Segment 0, Beat 0: {
  currentX: 283,
  segmentX: 293,
  beatX: 293,
  firstNoteX: 303,
  expectedStemX: 308
}
[PlaceAndSizeManager] Registered note { x: 354.94117647058823, y: 88, width: 10, height: 24 } layer: staff, margin: 1px
[PlaceAndSizeManager] Registered stem { x: 356.94117647058823, y: 70, width: 3, height: 25 } layer: staff, margin: 0px
[PlaceAndSizeManager] Registered note { x: 378.94117647058823, y: 88, width: 10, height: 24 } layer: staff, margin: 1px
[PlaceAndSizeManager] Registered stem { x: 380.94117647058823, y: 70, width: 3, height: 25 } layer: staff, margin: 0px
[PlaceAndSizeManager] Registered note { x: 402.94117647058823, y: 88, width: 10, height: 24 } layer: staff, margin: 1px
[PlaceAndSizeManager] Registered stem { x: 404.94117647058823, y: 70, width: 3, height: 25 } layer: staff, margin: 0px
[drawMeasure] Segment 0, Beat 1: {
  currentX: 283,
  segmentX: 293,
  beatX: 349.94117647058823,
  firstNoteX: 359.94117647058823,
  expectedStemX: 364.94117647058823
}
[PlaceAndSizeManager] Registered note { x: 461.05882352941177, y: 88, width: 10, height: 24 } layer: staff, margin: 1px
[PlaceAndSizeManager] Registered stem { x: 463.05882352941177, y: 70, width: 3, height: 25 } layer: staff, margin: 0px
[drawMeasure] Segment 0, Beat 2: {
  currentX: 283,
  segmentX: 293,
  beatX: 456.05882352941177,
  firstNoteX: 466.05882352941177,
  expectedStemX: 471.05882352941177
}
[PlaceAndSizeManager] Registered staff-line { x: 533, y: 99, width: 220, height: 2 } layer: staff, margin: 0px
[PlaceAndSizeManager] Registered note { x: 538, y: 88, width: 10, height: 24 } layer: staff, margin: 1px
[PlaceAndSizeManager] Registered stem { x: 540, y: 70, width: 3, height: 25 } layer: staff, margin: 0px
[drawMeasure] Segment 0, Beat 0: {
  currentX: 523,
  segmentX: 533,
  beatX: 533,
  firstNoteX: 543,
  expectedStemX: 548
}
[PlaceAndSizeManager] Registered note { x: 594.9411764705883, y: 88, width: 10, height: 24 } layer: staff, margin: 1px
[PlaceAndSizeManager] Registered stem { x: 596.9411764705883, y: 70, width: 3, height: 25 } layer: staff, margin: 0px
[PlaceAndSizeManager] Registered note { x: 618.9411764705883, y: 88, width: 10, height: 24 } layer: staff, margin: 1px
[PlaceAndSizeManager] Registered stem { x: 620.9411764705883, y: 70, width: 3, height: 25 } layer: staff, margin: 0px
[PlaceAndSizeManager] Registered note { x: 642.9411764705883, y: 88, width: 10, height: 24 } layer: staff, margin: 1px
[PlaceAndSizeManager] Registered stem { x: 644.9411764705883, y: 70, width: 3, height: 25 } layer: staff, margin: 0px
[drawMeasure] Segment 0, Beat 1: {
  currentX: 523,
  segmentX: 533,
  beatX: 589.9411764705883,
  firstNoteX: 599.9411764705883,
  expectedStemX: 604.9411764705883
}
[PlaceAndSizeManager] Registered note { x: 701.0588235294118, y: 88, width: 10, height: 24 } layer: staff, margin: 1px
[PlaceAndSizeManager] Registered stem { x: 703.0588235294118, y: 70, width: 3, height: 25 } layer: staff, margin: 0px
[drawMeasure] Segment 0, Beat 2: {
  currentX: 523,
  segmentX: 533,
  beatX: 696.0588235294118,
  firstNoteX: 706.0588235294118,
  expectedStemX: 711.0588235294118
}
[PlaceAndSizeManager] Registered staff-line { x: 773, y: 99, width: 220, height: 2 } layer: staff, margin: 0px
[PlaceAndSizeManager] Registered note { x: 778, y: 88, width: 10, height: 24 } layer: staff, margin: 1px
[PlaceAndSizeManager] Registered stem { x: 780, y: 70, width: 3, height: 25 } layer: staff, margin: 0px
[drawMeasure] Segment 0, Beat 0: {
  currentX: 763,
  segmentX: 773,
  beatX: 773,
  firstNoteX: 783,
  expectedStemX: 788
}
[PlaceAndSizeManager] Registered note { x: 834.9411764705883, y: 88, width: 10, height: 24 } layer: staff, margin: 1px
[PlaceAndSizeManager] Registered stem { x: 836.9411764705883, y: 70, width: 3, height: 25 } layer: staff, margin: 0px
[PlaceAndSizeManager] Registered note { x: 858.9411764705883, y: 88, width: 10, height: 24 } layer: staff, margin: 1px
[PlaceAndSizeManager] Registered stem { x: 860.9411764705883, y: 70, width: 3, height: 25 } layer: staff, margin: 0px
[PlaceAndSizeManager] Registered note { x: 882.9411764705883, y: 88, width: 10, height: 24 } layer: staff, margin: 1px
[PlaceAndSizeManager] Registered stem { x: 884.9411764705883, y: 70, width: 3, height: 25 } layer: staff, margin: 0px
[drawMeasure] Segment 0, Beat 1: {
  currentX: 763,
  segmentX: 773,
  beatX: 829.9411764705883,
  firstNoteX: 839.9411764705883,
  expectedStemX: 844.9411764705883
}
[PlaceAndSizeManager] Registered note { x: 941.0588235294118, y: 88, width: 10, height: 24 } layer: staff, margin: 1px
[PlaceAndSizeManager] Registered stem { x: 943.0588235294118, y: 70, width: 3, height: 25 } layer: staff, margin: 0px
[drawMeasure] Segment 0, Beat 2: {
  currentX: 763,
  segmentX: 773,
  beatX: 936.0588235294118,
  firstNoteX: 946.0588235294118,
  expectedStemX: 951.0588235294118
}
[PlaceAndSizeManager] Registered tie { x: 153.94117647058823, y: 106.5, width: 24, height: 8 } layer: staff, margin: 0px
[PlaceAndSizeManager] Registered tie { x: 378.94117647058823, y: 106.5, width: 24, height: 8 } layer: staff, margin: 0px
[PlaceAndSizeManager] Registered tie { x: 618.9411764705883, y: 106.5, width: 24, height: 8 } layer: staff, margin: 0px
[PlaceAndSizeManager] Registered tie { x: 858.9411764705883, y: 106.5, width: 24, height: 8 } layer: staff, margin: 0px
Found 5 total texts, 4 chord-symbols, and 24 stems

=== ALL TEXT ELEMENTS ===
Text: "4/4", class="null", x=10
Text: "C", class="chord-symbol", x=83
Text: "C", class="chord-symbol", x=308
Text: "G", class="chord-symbol", x=548
Text: "G", class="chord-symbol", x=788

=== CHORD POSITIONS ===
Chord "C": x=83, y=60, anchor=start
Chord "C": x=308, y=60, anchor=start
Chord "G": x=548, y=60, anchor=start
Chord "G": x=788, y=60, anchor=start

=== STEM POSITIONS (first 8 stems) ===
Stem 0: x1=83, y1=95, x2=83, y2=70
Stem 1: x1=139.94117647058823, y1=95, x2=139.94117647058823, y2=70
Stem 2: x1=163.94117647058823, y1=95, x2=163.94117647058823, y2=70
Stem 3: x1=187.94117647058823, y1=95, x2=187.94117647058823, y2=70
Stem 4: x1=246.05882352941177, y1=95, x2=246.05882352941177, y2=70
Stem 5: x1=139.94117647058823, y1=70, x2=163.94117647058823, y2=70
Stem 6: x1=308, y1=95, x2=308, y2=70
Stem 7: x1=364.94117647058823, y1=95, x2=364.94117647058823, y2=70

=== COMPARISON ===
Chord C x: 83
First stem X: 83
Difference: 0.00px
✅ PERFECT ALIGNMENT!
